../Core/Src/freertos.c:62:6:TurnOffLCD	8	static
../Core/Src/freertos.c:67:6:EnterSleepMode	8	static
../Core/Src/freertos.c:75:13:ReadTemperature	40	static
../Core/Src/freertos.c:140:6:vApplicationGetIdleTaskMemory	24	static
../Core/Src/freertos.c:154:6:MX_FREERTOS_Init	144	static
../Core/Src/freertos.c:205:6:HAL_UART_RxCpltCallback	16	static
../Core/Src/freertos.c:233:6:StartDefaultTask	16	static
../Core/Src/freertos.c:251:6:StartTask01	16	static
../Core/Src/freertos.c:271:6:StartTask02	16	static
../Core/Src/freertos.c:286:6:StartTask03	88	static
